Building DAG of jobs...
Using shell: /bin/bash
Provided cores: 12
Rules claiming more threads will be scaled down.
Job stats:
job                                  count
---------------------------------  -------
individual_components_correlation        1
runtime_analysis                         1
total                                    2

Select jobs to execute...

[Mon Mar 17 22:51:08 2025]
rule runtime_analysis:
    input: data/dataset1/df_norm.csv
    output: results/dataset1/plots/runtime_plot.pdf
    jobid: 1
    reason: Updated input files: data/dataset1/df_norm.csv
    resources: tmpdir=/var/folders/4l/lkwx3bk52l3f64_lrfgrjjwh0000gp/T

[Mon Mar 17 22:51:11 2025]
Error in rule runtime_analysis:
    jobid: 1
    input: data/dataset1/df_norm.csv
    output: results/dataset1/plots/runtime_plot.pdf
    shell:
        python3 src/main.py --step runtime_analysis --config config/config_dataset1.yaml
        (one of the commands exited with non-zero exit code; note that snakemake uses bash strict mode!)

Shutting down, this might take some time.
Exiting because a job execution failed. Look above for error message
Complete log: .snakemake/log/2025-03-17T225108.124957.snakemake.log
