Building DAG of jobs...
Using shell: /bin/bash
Provided cores: 12
Rules claiming more threads will be scaled down.
Job stats:
job          count
---------  -------
load_data        1
total            1

Select jobs to execute...

[Mon Mar 17 19:38:49 2025]
rule load_data:
    input: data/dataset2/saint-latest.txt
    output: data/dataset2/df_norm.csv
    jobid: 0
    reason: Updated input files: data/dataset2/saint-latest.txt
    resources: tmpdir=/var/folders/4l/lkwx3bk52l3f64_lrfgrjjwh0000gp/T

[Mon Mar 17 19:38:54 2025]
Finished job 0.
1 of 1 steps (100%) done
Complete log: .snakemake/log/2025-03-17T193849.695553.snakemake.log
