Building DAG of jobs...
Using shell: /bin/bash
Provided cores: 12
Rules claiming more threads will be scaled down.
Job stats:
job                 count
----------------  -------
combined_metrics        1
total                   1

Select jobs to execute...

[Tue Mar 18 10:09:23 2025]
rule combined_metrics:
    input: data/dataset1/df_norm.csv
    output: results/dataset1/plots/combined_metrics_comparison_plot_values_nmf_excluded.pdf
    jobid: 0
    reason: Updated input files: data/dataset1/df_norm.csv
    resources: tmpdir=/var/folders/4l/lkwx3bk52l3f64_lrfgrjjwh0000gp/T

[Tue Mar 18 10:09:28 2025]
Error in rule combined_metrics:
    jobid: 0
    input: data/dataset1/df_norm.csv
    output: results/dataset1/plots/combined_metrics_comparison_plot_values_nmf_excluded.pdf
    shell:
        python3 src/main.py --step combined_metrics --config config/config_dataset1.yaml
        (one of the commands exited with non-zero exit code; note that snakemake uses bash strict mode!)

Shutting down, this might take some time.
Exiting because a job execution failed. Look above for error message
Complete log: .snakemake/log/2025-03-18T100922.936601.snakemake.log
