Building DAG of jobs...
Using shell: /bin/bash
Provided cores: 12
Rules claiming more threads will be scaled down.
Job stats:
job                                  count
---------------------------------  -------
individual_components_correlation        1
total                                    1

Select jobs to execute...

[Mon Mar 17 22:58:52 2025]
rule individual_components_correlation:
    input: results/dataset1/plots/runtime_plot.pdf
    output: results/dataset1/plots/nmf_component_bait_size_comparison.pdf
    jobid: 0
    reason: Missing output files: results/dataset1/plots/nmf_component_bait_size_comparison.pdf
    resources: tmpdir=/var/folders/4l/lkwx3bk52l3f64_lrfgrjjwh0000gp/T

[Mon Mar 17 22:59:42 2025]
Finished job 0.
1 of 1 steps (100%) done
Complete log: .snakemake/log/2025-03-17T225852.924959.snakemake.log
