Building DAG of jobs...
Using shell: /bin/bash
Provided cores: 12
Rules claiming more threads will be scaled down.
Job stats:
job                  count
-----------------  -------
topology_analysis        1
total                    1

Select jobs to execute...

[Mon Mar 17 23:13:37 2025]
rule topology_analysis:
    input: data/dataset1/df_norm.csv, data/dataset1/df_norm.csv
    output: results/dataset1/plots/degree_distribution_ratio_plot.png
    jobid: 0
    reason: Updated input files: data/dataset1/df_norm.csv
    resources: tmpdir=/var/folders/4l/lkwx3bk52l3f64_lrfgrjjwh0000gp/T

[Mon Mar 17 23:13:42 2025]
Finished job 0.
1 of 1 steps (100%) done
Complete log: .snakemake/log/2025-03-17T231337.661070.snakemake.log
