Building DAG of jobs...
Using shell: /bin/bash
Provided cores: 12
Rules claiming more threads will be scaled down.
Job stats:
job                                  count
---------------------------------  -------
individual_components_correlation        1
total                                    1

Select jobs to execute...

[Mon Mar 17 22:57:18 2025]
rule individual_components_correlation:
    input: results/dataset1/plots/runtime_plot.pdf
    output: results/dataset1/plots/nmf_component_bait_size_comparison.pdf
    jobid: 0
    reason: Missing output files: results/dataset1/plots/nmf_component_bait_size_comparison.pdf
    resources: tmpdir=/var/folders/4l/lkwx3bk52l3f64_lrfgrjjwh0000gp/T

Waiting at most 5 seconds for missing files.
MissingOutputException in rule individual_components_correlation in file /Users/vesalkasmaeifar/vesal/PhD_Project/cell map/scripts/Bait selection/genbait_reproducibility/Snakefile, line 276:
Job 0 completed successfully, but some output files are missing. Missing files after 5 seconds. This might be due to filesystem latency. If that is the case, consider to increase the wait time with --latency-wait:
results/dataset1/plots/nmf_component_bait_size_comparison.pdf
Shutting down, this might take some time.
Exiting because a job execution failed. Look above for error message
Complete log: .snakemake/log/2025-03-17T225718.434774.snakemake.log
