Building DAG of jobs...
Using shell: /bin/bash
Provided cores: 12
Rules claiming more threads will be scaled down.
Job stats:
job                 count
----------------  -------
combined_metrics        1
total                   1

Select jobs to execute...

[Tue Mar 18 10:12:08 2025]
rule combined_metrics:
    input: data/dataset1/df_norm.csv
    output: results/dataset1/plots/combined_metrics_comparison_plot_values_nmf_excluded.pdf
    jobid: 0
    reason: Missing output files: results/dataset1/plots/combined_metrics_comparison_plot_values_nmf_excluded.pdf
    resources: tmpdir=/var/folders/4l/lkwx3bk52l3f64_lrfgrjjwh0000gp/T

[Tue Mar 18 10:12:13 2025]
Finished job 0.
1 of 1 steps (100%) done
Complete log: .snakemake/log/2025-03-18T101208.144051.snakemake.log
