Building DAG of jobs...
Using shell: /bin/bash
Provided cores: 12
Rules claiming more threads will be scaled down.
Job stats:
job          count
---------  -------
load_data        1
total            1

Select jobs to execute...

[Mon Mar 17 18:24:16 2025]
rule load_data:
    input: data/dataset1/saint-latest.txt, data/dataset1/genesymbols_uniprotids_less_than_110.csv
    output: data/dataset1/df_norm.csv
    jobid: 0
    reason: Missing output files: data/dataset1/df_norm.csv
    resources: tmpdir=/var/folders/4l/lkwx3bk52l3f64_lrfgrjjwh0000gp/T

[Mon Mar 17 18:24:19 2025]
Error in rule load_data:
    jobid: 0
    input: data/dataset1/saint-latest.txt, data/dataset1/genesymbols_uniprotids_less_than_110.csv
    output: data/dataset1/df_norm.csv
    shell:
        python3 src/main.py --step load_data --config config/config_dataset1.yaml
        (one of the commands exited with non-zero exit code; note that snakemake uses bash strict mode!)

Shutting down, this might take some time.
Exiting because a job execution failed. Look above for error message
Complete log: .snakemake/log/2025-03-17T182416.074503.snakemake.log
