Building DAG of jobs...
Using shell: /bin/bash
Provided cores: 12
Rules claiming more threads will be scaled down.
Job stats:
job                                  count
---------------------------------  -------
individual_components_correlation        1
total                                    1

Select jobs to execute...

[Mon Mar 17 22:56:56 2025]
rule individual_components_correlation:
    input: results/dataset1/plots/runtime_plot.pdf
    output: results/dataset1/plots/nmf_component_bait_size_comparison.pdf
    jobid: 0
    reason: Missing output files: results/dataset1/plots/nmf_component_bait_size_comparison.pdf
    resources: tmpdir=/var/folders/4l/lkwx3bk52l3f64_lrfgrjjwh0000gp/T

[Mon Mar 17 22:57:00 2025]
Error in rule individual_components_correlation:
    jobid: 0
    input: results/dataset1/plots/runtime_plot.pdf
    output: results/dataset1/plots/nmf_component_bait_size_comparison.pdf
    shell:
        python3 src/main.py --step individual_components_correlation --config config/config_dataset1.yaml
        (one of the commands exited with non-zero exit code; note that snakemake uses bash strict mode!)

Shutting down, this might take some time.
Exiting because a job execution failed. Look above for error message
Complete log: .snakemake/log/2025-03-17T225656.653840.snakemake.log
